2026-05-17T05:19:53Z INF Thank you for trying Cloudflare Tunnel. Doing so, without a Cloudflare account, is a quick way to experiment and try it out. However, be aware that these account-less Tunnels have no uptime guarantee, are subject to the Cloudflare Online Services Terms of Use (https://www.cloudflare.com/website-terms/), and Cloudflare reserves the right to investigate your use of Tunnels for violations of such terms. If you intend to use Tunnels in production you should use a pre-created named tunnel by following: https://developers.cloudflare.com/cloudflare-one/connections/connect-apps
2026-05-17T05:19:53Z INF Requesting new quick Tunnel on trycloudflare.com...
2026-05-17T05:19:59Z INF +--------------------------------------------------------------------------------------------+
2026-05-17T05:19:59Z INF |  Your quick Tunnel has been created! Visit it at (it may take some time to be reachable):  |
2026-05-17T05:19:59Z INF |  https://massage-trek-distinct-portable.trycloudflare.com                                  |
2026-05-17T05:19:59Z INF +--------------------------------------------------------------------------------------------+
2026-05-17T05:19:59Z INF Cannot determine default configuration path. No file [config.yml config.yaml] in [~/.cloudflared ~/.cloudflare-warp ~/cloudflare-warp /etc/cloudflared /usr/local/etc/cloudflared]
2026-05-17T05:19:59Z INF Version 2026.5.0 (Checksum 0095e46fdc88855d801c4d304cb1f5dd4bd656116c47ab94c2ad0ae7cda1c7ec)
2026-05-17T05:19:59Z INF GOOS: linux, GOVersion: go1.26.2, GoArch: amd64
2026-05-17T05:19:59Z INF Settings: map[ha-connections:1 protocol:quic url:http://localhost:5000]
2026-05-17T05:19:59Z INF Autoupdate frequency is set autoupdateFreq=86400000
2026-05-17T05:19:59Z INF Generated Connector ID: 26b87628-2d28-4edf-b8e0-e96897c29296
2026-05-17T05:19:59Z INF Initial protocol quic
2026-05-17T05:19:59Z INF ICMP proxy will use 192.168.1.9 as source for IPv4
2026-05-17T05:19:59Z INF ICMP proxy will use 2401:4900:1c19:ed02:2da3:c88b:14a7:f390 in zone wlan0 as source for IPv6
2026-05-17T05:19:59Z INF ICMP proxy will use 192.168.1.9 as source for IPv4
2026-05-17T05:19:59Z INF ICMP proxy will use 2401:4900:1c19:ed02:2da3:c88b:14a7:f390 in zone wlan0 as source for IPv6
2026-05-17T05:19:59Z INF Starting metrics server on 127.0.0.1:20243/metrics
2026-05-17T05:19:59Z INF Tunnel connection curve preferences: [X25519MLKEM768 CurveID(65074) CurveP256] connIndex=0 event=0 ip=2606:4700:a0::5
2026/05/17 10:49:59 failed to sufficiently increase receive buffer size (was: 208 kiB, wanted: 7168 kiB, got: 416 kiB). See https://github.com/quic-go/quic-go/wiki/UDP-Buffer-Sizes for details.
2026-05-17T05:19:59Z INF Registered tunnel connection connIndex=0 connection=415c22f9-e5e0-4a90-84fa-8f9b8ad59768 event=0 ip=2606:4700:a0::5 location=bom06 protocol=quic
c
